
=== Отчет о прохождении тестов ===
Дата и время: 2025-05-15 23:22:35

Всего тестов: 12
Успешно: 12
Ошибок: 0
Неудач: 0

=== Детали ===
test_new_product (tests.test_product.TestProduct.test_new_product) ... ok
test_product_initialization (tests.test_product.TestProduct.test_product_initialization) ... ok
test_product_str (tests.test_product.TestProduct.test_product_str) ... ok
test_product_str_with_zero_price (tests.test_product.TestProduct.test_product_str_with_zero_price) ... ok
test_add_product (tests.test_category.TestCategory.test_add_product) ... ok
test_category_count (tests.test_category.TestCategory.test_category_count) ... ok
test_category_initialization (tests.test_category.TestCategory.test_category_initialization) ... ok
test_category_str (tests.test_category.TestCategory.test_category_str) ... ok
test_category_str_empty (tests.test_category.TestCategory.test_category_str_empty) ... ok
test_product_count (tests.test_category.TestCategory.test_product_count) ... ok
test_products_info (tests.test_category.TestCategory.test_products_info) ... ok
test_products_info_empty (tests.test_category.TestCategory.test_products_info_empty) ... ok

----------------------------------------------------------------------
Ran 12 tests in 0.001s

OK

